λx.x
λx.x
λx.(x x)
λx.(x x)
λx.x
λf.λx.(f (f x))
λf.λx.((λf1.λx1.((λf2.λx2.((λf3.λx3.((λf4.λx4.x4 f3) (f3 x3)) f2) (f2 x2)) f1) (f1 x1)) f) (f x))
λf.λx.((λf1.λx1.((λf2.λx2.((λf3.λx3.((λf4.λx4.x4 f3) (f3 x3)) f2) (f2 x2)) f1) (f1 x1)) f) (f x))
