There are 1 occurrences of variable y.
There are 3 occurrences of variable x.
